// Jest Snapshot v1, https://goo.gl/fbAQLP

exports[`ErrorBoundary should match the snapshot 1`] = `
<ErrorBoundary>
  <BuggyComponent />
</ErrorBoundary>
`;
